// Jest Snapshot v1, https://goo.gl/fbAQLP

exports[`dialog asyncData and fetch Check asyncData 1`] = `"<div><p>foo</p></div>"`;

exports[`dialog asyncData and fetch Check asyncData await 1`] = `"<div><p>foo</p></div>"`;

exports[`dialog asyncData and fetch Check many times usage 1`] = `"<div><p>foo bar</p></div>"`;

exports[`dialog asyncData and fetch Check many times usage 2`] = `"<div><p>foo bar</p></div>"`;

exports[`dialog asyncData and fetch Check many times usage 3`] = `"<div><p>foo bar</p></div>"`;

exports[`dialog asyncData and fetch Check when asyncData is object of Promises 1`] = `
"<div><p>{
  \\"simpleString\\": \\"some string\\",
  \\"simpleObject\\": {
    \\"test\\": 123456
  },
  \\"dataObject\\": {
    \\"test\\": 1
  },
  \\"dataString\\": \\"string\\",
  \\"dataNumber\\": 123
}</p></div>"
`;

exports[`dialog asyncData and fetch Check when asyncData is promise of Promises 1`] = `
"<div><p>{
  \\"simpleString\\": \\"some string\\",
  \\"simpleObject\\": {
    \\"test\\": 123456
  },
  \\"dataObject\\": {
    \\"test\\": 1
  },
  \\"dataString\\": \\"string\\",
  \\"dataNumber\\": 123
}</p></div>"
`;
